sweep:   /Users/hongweilin/Documents/workspace/documents/Personal/DMU/Final Dissertation/dissertation-v12-full-rerun/runs/dissertation_v12_sumo120/sweeps/B2_gat/seed_42
ckpt:    runs/dissertation_v12_sumo120/training/B2_gat/seed_42/ckpt_selected.pt  (epoch 40)
cells:   40  |  decisions with records: 4836

axis             level  deg_rate  pickups     DEF         DEF 95% CI   WAMSN   drift
------------------------------------------------------------------------------------
clean                0    0.0000    12.83  -0.000 [-0.000, -0.000]     0.000  0.0000
outage_duration      10    0.0082    12.83  -0.000 [-0.000, -0.000]     0.013  0.0000
outage_duration      20    0.0158    12.83  -0.000 [-0.000, -0.000]     0.025  0.0000
outage_duration      30    0.0230    12.83  -0.000 [-0.000, -0.000]     0.038  0.0001
outage_duration      60    0.0318    12.79  -0.000 [-0.000, -0.000]     0.061  0.0001

hypothesis tests (α = 0.05, one-sided):
  H1 (DEF ↓ with outage_duration): not supported  (stat=+0.087, p=1.0000, n=3988)
  H1m (margin-DEF ↓ with outage_duration): not supported  (stat=+0.085, p=1.0000, n=3988)
  H2 (faith declines faster, outage_duration): not supported  (stat=-0.509, p=1.0000, n=32)
  H2m (margin-faith declines faster, outage_duration): not supported  (stat=-0.522, p=1.0000, n=32)
  H3 (WAMSN ↑ with outage_duration): SUPPORTED  (stat=+0.482, p=0.0001, n=4836)
  H4 (WAMSN–DEF negative, pooled): not supported  (stat=+0.147, p=1.0000, n=3673)

cluster-robust statistics (episode-block permutation, primary):
  stale-attention shift (binary stale mask, degraded - clean twin): mean=+0.0038  CI95=[+0.0037, +0.0039]  p=0.0001  (episode blocks=192)
  paired exposed probability_def: delta=+0.0001  CI95=[+0.0001, +0.0001]  p(decrease)=1.0000  (blocks=176)
  paired exposed margin_def: delta=+0.0002  CI95=[+0.0001, +0.0003]  p(decrease)=1.0000  (blocks=176)
  paired exposed protected_probability_def: delta=+0.0001  CI95=[+0.0001, +0.0001]  p(decrease)=1.0000  (blocks=176)
  paired exposed protected_margin_def: delta=+0.0004  CI95=[+0.0002, +0.0005]  p(decrease)=1.0000  (blocks=176)
  H1_robust (def vs outage_duration): rho=+0.087  p_episode=1.0000  CI95=[+0.047, +0.127]  (blocks=240)
  H1m_robust (def_m vs outage_duration): rho=+0.085  p_episode=1.0000  CI95=[+0.046, +0.123]  (blocks=240)
  H3_robust (wamsn vs outage_duration): rho=+0.482  p_episode=0.0001  CI95=[+0.449, +0.513]  (blocks=240)
  H4_within_episode: mean within-episode rho=+0.163  (26% episodes negative)  p=1.0000  (episodes=176)
  H4m_within_episode: mean within-episode rho=+0.169  (25% episodes negative)  p=1.0000  (episodes=176)

confirmatory family (robust p where available) with Holm correction:
  H1: raw p=1.0000 → Holm p=1.0000  not supported
  H2: raw p=1.0000 → Holm p=1.0000  not supported
  H3: raw p=0.0001 → Holm p=0.0004  SUPPORTED
  H4: raw p=1.0000 → Holm p=1.0000  not supported
  (margin-DEF variants and secondary axes are exploratory by declaration — reported unadjusted, flagged as such)

prob-DEF vs margin-DEF rank agreement: rho=+0.987 (n=3988)

action-stratified diagnostics (exploratory):
  all      n=3988   (100.0%)  mean pi=0.3351  paired DEF=+0.000071
  no_op    n=1188   (29.8%)  mean pi=0.3749  paired DEF=-0.000017
  dispatch n=2800   (70.2%)  mean pi=0.3183  paired DEF=+0.000110

analysis: /Users/hongweilin/Documents/workspace/documents/Personal/DMU/Final Dissertation/dissertation-v12-full-rerun/runs/dissertation_v12_sumo120/sweeps/B2_gat/seed_42/analysis_rounded4.json
