sweep:   /Users/hongweilin/Documents/workspace/documents/Personal/DMU/Final Dissertation/dissertation-v12-full-rerun/runs/dissertation_v12_sumo120/sweeps/B2_gat/seed_43
ckpt:    runs/dissertation_v12_sumo120/training/B2_gat/seed_43/ckpt_selected.pt  (epoch 28)
cells:   40  |  decisions with records: 4869

axis             level  deg_rate  pickups     DEF         DEF 95% CI   WAMSN   drift
------------------------------------------------------------------------------------
clean                0    0.0000    12.79  -0.000 [-0.000, -0.000]     0.000  0.0000
outage_duration      10    0.0082    12.79  -0.000 [-0.000, -0.000]     0.013  0.0000
outage_duration      20    0.0158    12.79  -0.000 [-0.000, -0.000]     0.025  0.0000
outage_duration      30    0.0230    12.79  -0.000 [-0.000, -0.000]     0.037  0.0000
outage_duration      60    0.0313    12.79  -0.000 [-0.000, -0.000]     0.058  0.0000

hypothesis tests (α = 0.05, one-sided):
  H1 (DEF ↓ with outage_duration): not supported  (stat=+0.099, p=1.0000, n=4021)
  H1m (margin-DEF ↓ with outage_duration): not supported  (stat=+0.095, p=1.0000, n=4021)
  H2 (faith declines faster, outage_duration): not supported  (stat=-0.671, p=1.0000, n=32)
  H2m (margin-faith declines faster, outage_duration): not supported  (stat=-0.675, p=1.0000, n=32)
  H3 (WAMSN ↑ with outage_duration): SUPPORTED  (stat=+0.478, p=0.0001, n=4869)
  H4 (WAMSN–DEF negative, pooled): not supported  (stat=+0.263, p=1.0000, n=3705)

cluster-robust statistics (episode-block permutation, primary):
  stale-attention shift (binary stale mask, degraded - clean twin): mean=+0.0007  CI95=[+0.0006, +0.0007]  p=0.0001  (episode blocks=192)
  paired exposed probability_def: delta=+0.0001  CI95=[+0.0001, +0.0001]  p(decrease)=1.0000  (blocks=176)
  paired exposed margin_def: delta=+0.0004  CI95=[+0.0004, +0.0005]  p(decrease)=1.0000  (blocks=176)
  paired exposed protected_probability_def: delta=+0.0002  CI95=[+0.0002, +0.0002]  p(decrease)=1.0000  (blocks=176)
  paired exposed protected_margin_def: delta=+0.0009  CI95=[+0.0009, +0.0010]  p(decrease)=1.0000  (blocks=176)
  H1_robust (def vs outage_duration): rho=+0.099  p_episode=1.0000  CI95=[+0.059, +0.140]  (blocks=240)
  H1m_robust (def_m vs outage_duration): rho=+0.095  p_episode=1.0000  CI95=[+0.055, +0.136]  (blocks=240)
  H3_robust (wamsn vs outage_duration): rho=+0.478  p_episode=0.0001  CI95=[+0.446, +0.508]  (blocks=240)
  H4_within_episode: mean within-episode rho=+0.307  (19% episodes negative)  p=1.0000  (episodes=176)
  H4m_within_episode: mean within-episode rho=+0.291  (20% episodes negative)  p=1.0000  (episodes=176)

confirmatory family (robust p where available) with Holm correction:
  H1: raw p=1.0000 → Holm p=1.0000  not supported
  H2: raw p=1.0000 → Holm p=1.0000  not supported
  H3: raw p=0.0001 → Holm p=0.0004  SUPPORTED
  H4: raw p=1.0000 → Holm p=1.0000  not supported
  (margin-DEF variants and secondary axes are exploratory by declaration — reported unadjusted, flagged as such)

prob-DEF vs margin-DEF rank agreement: rho=+0.990 (n=4021)

action-stratified diagnostics (exploratory):
  all      n=4021   (100.0%)  mean pi=0.3549  paired DEF=+0.000125
  no_op    n=863    (21.5%)  mean pi=0.2795  paired DEF=-0.000243
  dispatch n=3158   (78.5%)  mean pi=0.3755  paired DEF=+0.000236

analysis: /Users/hongweilin/Documents/workspace/documents/Personal/DMU/Final Dissertation/dissertation-v12-full-rerun/runs/dissertation_v12_sumo120/sweeps/B2_gat/seed_43/analysis_rounded4.json
