sweep:   /Users/hongweilin/Documents/workspace/documents/Personal/DMU/Final Dissertation/dissertation-v12-full-rerun/runs/dissertation_v12_sumo120/sweeps/H5_gat_degraded/seed_42
ckpt:    runs/dissertation_v12_sumo120/training/H5_gat_degraded/seed_42/ckpt_selected.pt  (epoch 10)
cells:   40  |  decisions with records: 4874

axis             level  deg_rate  pickups     DEF         DEF 95% CI   WAMSN   drift
------------------------------------------------------------------------------------
clean                0    0.0000    12.96  -0.000 [-0.000, -0.000]     0.000  0.0000
outage_duration      10    0.0082    12.96  -0.000 [-0.000, -0.000]     0.013  0.0000
outage_duration      20    0.0157    12.96  -0.000 [-0.000, -0.000]     0.025  0.0000
outage_duration      30    0.0229    12.96  -0.000 [-0.000, -0.000]     0.038  0.0000
outage_duration      60    0.0313    13.02  -0.000 [-0.000, -0.000]     0.060  0.0001

hypothesis tests (α = 0.05, one-sided):
  H1 (DEF ↓ with outage_duration): not supported  (stat=+0.199, p=1.0000, n=4026)
  H1m (margin-DEF ↓ with outage_duration): not supported  (stat=+0.191, p=1.0000, n=4026)
  H2 (faith declines faster, outage_duration): not supported  (stat=-0.639, p=1.0000, n=32)
  H2m (margin-faith declines faster, outage_duration): not supported  (stat=-0.650, p=1.0000, n=32)
  H3 (WAMSN ↑ with outage_duration): SUPPORTED  (stat=+0.483, p=0.0001, n=4874)
  H4 (WAMSN–DEF negative, pooled): not supported  (stat=+0.398, p=1.0000, n=3708)

cluster-robust statistics (episode-block permutation, primary):
  stale-attention shift (binary stale mask, degraded - clean twin): mean=+0.0033  CI95=[+0.0032, +0.0034]  p=0.0001  (episode blocks=192)
  paired exposed probability_def: delta=+0.0001  CI95=[+0.0001, +0.0001]  p(decrease)=1.0000  (blocks=176)
  paired exposed margin_def: delta=+0.0004  CI95=[+0.0003, +0.0004]  p(decrease)=1.0000  (blocks=176)
  paired exposed protected_probability_def: delta=+0.0002  CI95=[+0.0001, +0.0002]  p(decrease)=1.0000  (blocks=176)
  paired exposed protected_margin_def: delta=+0.0006  CI95=[+0.0005, +0.0007]  p(decrease)=1.0000  (blocks=176)
  H1_robust (def vs outage_duration): rho=+0.199  p_episode=1.0000  CI95=[+0.164, +0.235]  (blocks=240)
  H1m_robust (def_m vs outage_duration): rho=+0.191  p_episode=1.0000  CI95=[+0.156, +0.225]  (blocks=240)
  H3_robust (wamsn vs outage_duration): rho=+0.483  p_episode=0.0001  CI95=[+0.452, +0.511]  (blocks=240)
  H4_within_episode: mean within-episode rho=+0.379  (3% episodes negative)  p=1.0000  (episodes=176)
  H4m_within_episode: mean within-episode rho=+0.380  (5% episodes negative)  p=1.0000  (episodes=176)

confirmatory family (robust p where available) with Holm correction:
  H1: raw p=1.0000 → Holm p=1.0000  not supported
  H2: raw p=1.0000 → Holm p=1.0000  not supported
  H3: raw p=0.0001 → Holm p=0.0004  SUPPORTED
  H4: raw p=1.0000 → Holm p=1.0000  not supported
  (margin-DEF variants and secondary axes are exploratory by declaration — reported unadjusted, flagged as such)

prob-DEF vs margin-DEF rank agreement: rho=+0.983 (n=4026)

action-stratified diagnostics (exploratory):
  all      n=4026   (100.0%)  mean pi=0.3411  paired DEF=+0.000100
  no_op    n=1033   (25.7%)  mean pi=0.3226  paired DEF=-0.000039
  dispatch n=2993   (74.3%)  mean pi=0.3474  paired DEF=+0.000157

analysis: /Users/hongweilin/Documents/workspace/documents/Personal/DMU/Final Dissertation/dissertation-v12-full-rerun/runs/dissertation_v12_sumo120/sweeps/H5_gat_degraded/seed_42/analysis_rounded4.json
