sweep:   /Users/hongweilin/Documents/workspace/documents/Personal/DMU/Final Dissertation/dissertation-v12-full-rerun/runs/dissertation_v12_sumo120/sweeps/H5_gat_degraded/seed_44
ckpt:    runs/dissertation_v12_sumo120/training/H5_gat_degraded/seed_44/ckpt_selected.pt  (epoch 30)
cells:   40  |  decisions with records: 4851

axis             level  deg_rate  pickups     DEF         DEF 95% CI   WAMSN   drift
------------------------------------------------------------------------------------
clean                0    0.0000    12.81  -0.000 [-0.000, -0.000]     0.000  0.0000
outage_duration      10    0.0081    12.81  -0.000 [-0.000, +0.000]     0.013  0.0000
outage_duration      20    0.0157    12.81  +0.000 [+0.000, +0.000]     0.024  0.0000
outage_duration      30    0.0229    12.81  +0.000 [+0.000, +0.000]     0.036  0.0001
outage_duration      60    0.0316    12.69  +0.000 [+0.000, +0.000]     0.056  0.0001

hypothesis tests (α = 0.05, one-sided):
  H1 (DEF ↓ with outage_duration): not supported  (stat=+0.121, p=1.0000, n=4003)
  H1m (margin-DEF ↓ with outage_duration): not supported  (stat=+0.110, p=1.0000, n=4003)
  H2 (faith declines faster, outage_duration): not supported  (stat=-1.484, p=1.0000, n=32)
  H2m (margin-faith declines faster, outage_duration): not supported  (stat=-1.336, p=1.0000, n=32)
  H3 (WAMSN ↑ with outage_duration): SUPPORTED  (stat=+0.468, p=0.0001, n=4851)
  H4 (WAMSN–DEF negative, pooled): not supported  (stat=+0.261, p=1.0000, n=3685)

cluster-robust statistics (episode-block permutation, primary):
  stale-attention shift (binary stale mask, degraded - clean twin): mean=-0.0024  CI95=[-0.0025, -0.0024]  p=1.0000  (episode blocks=192)
  paired exposed probability_def: delta=+0.0002  CI95=[+0.0001, +0.0002]  p(decrease)=1.0000  (blocks=176)
  paired exposed margin_def: delta=+0.0005  CI95=[+0.0004, +0.0006]  p(decrease)=1.0000  (blocks=176)
  paired exposed protected_probability_def: delta=+0.0004  CI95=[+0.0003, +0.0004]  p(decrease)=1.0000  (blocks=176)
  paired exposed protected_margin_def: delta=+0.0013  CI95=[+0.0012, +0.0013]  p(decrease)=1.0000  (blocks=176)
  H1_robust (def vs outage_duration): rho=+0.121  p_episode=1.0000  CI95=[+0.091, +0.152]  (blocks=240)
  H1m_robust (def_m vs outage_duration): rho=+0.110  p_episode=1.0000  CI95=[+0.081, +0.141]  (blocks=240)
  H3_robust (wamsn vs outage_duration): rho=+0.468  p_episode=0.0001  CI95=[+0.436, +0.499]  (blocks=240)
  H4_within_episode: mean within-episode rho=+0.283  (14% episodes negative)  p=1.0000  (episodes=176)
  H4m_within_episode: mean within-episode rho=+0.259  (16% episodes negative)  p=1.0000  (episodes=176)

confirmatory family (robust p where available) with Holm correction:
  H1: raw p=1.0000 → Holm p=1.0000  not supported
  H2: raw p=1.0000 → Holm p=1.0000  not supported
  H3: raw p=0.0001 → Holm p=0.0004  SUPPORTED
  H4: raw p=1.0000 → Holm p=1.0000  not supported
  (margin-DEF variants and secondary axes are exploratory by declaration — reported unadjusted, flagged as such)

prob-DEF vs margin-DEF rank agreement: rho=+0.989 (n=4003)

action-stratified diagnostics (exploratory):
  all      n=4003   (100.0%)  mean pi=0.3335  paired DEF=+0.000162
  no_op    n=1265   (31.6%)  mean pi=0.3810  paired DEF=-0.000158
  dispatch n=2738   (68.4%)  mean pi=0.3115  paired DEF=+0.000351

analysis: /Users/hongweilin/Documents/workspace/documents/Personal/DMU/Final Dissertation/dissertation-v12-full-rerun/runs/dissertation_v12_sumo120/sweeps/H5_gat_degraded/seed_44/analysis_rounded4.json
