$ '/Users/hongweilin/Documents/workspace/documents/Personal/DMU/Final Dissertation/dissertation-v12-full-rerun/.venv/bin/python' scripts/run_faithfulness_controls.py --models B2_gat --training-seeds 42 43 44 45 46 --eval-seeds 42 43 44 --episodes 3 --conditions clean outage_60s --checkpoint-root '/Users/hongweilin/Documents/workspace/documents/Personal/DMU/Final Dissertation/dissertation-v12-full-rerun/runs/dissertation_v12_sumo120/training' --faithfulness-every 8 --out '/Users/hongweilin/Documents/workspace/documents/Personal/DMU/Final Dissertation/dissertation-v12-full-rerun/runs/dissertation_v12_sumo120/faithfulness_controls/B2_full'
[1/30] B2_gat_train42_clean_eval42.json: exists
[2/30] B2_gat_train42_clean_eval43.json: exists
[3/30] B2_gat_train42_clean_eval44.json: exists
[4/30] B2_gat_train42_outage_60s_eval42.json: exists
[5/30] B2_gat_train42_outage_60s_eval43.json: exists
[6/30] B2_gat_train42_outage_60s_eval44.json: exists
[7/30] B2_gat_train43_clean_eval42.json: exists
[8/30] B2_gat_train43_clean_eval43.json: exists
[9/30] B2_gat_train43_clean_eval44.json: exists
[10/30] B2_gat_train43_outage_60s_eval42.json: exists
[11/30] B2_gat_train43_outage_60s_eval43.json: exists
[12/30] B2_gat_train43_outage_60s_eval44.json: exists
[13/30] B2_gat_train44_clean_eval42.json: exists
[14/30] B2_gat_train44_clean_eval43.json: exists
[15/30] B2_gat_train44_clean_eval44.json: exists
[16/30] B2_gat_train44_outage_60s_eval42.json: exists
[17/30] B2_gat_train44_outage_60s_eval43.json: exists
[18/30] B2_gat_train44_outage_60s_eval44.json: exists
[19/30] B2_gat_train45_clean_eval42.json: exists
[20/30] B2_gat_train45_clean_eval43.json: exists
[21/30] B2_gat_train45_clean_eval44.json: exists
[22/30] B2_gat_train45_outage_60s_eval42.json: exists
[23/30] B2_gat_train45_outage_60s_eval43.json: exists
[24/30] B2_gat_train45_outage_60s_eval44.json: exists
[25/30] B2_gat_train46_clean_eval42.json: exists
[26/30] B2_gat_train46_clean_eval43.json: exists
[27/30] B2_gat_train46_clean_eval44.json: exists
[28/30] B2_gat_train46_outage_60s_eval42.json: exists
[29/30] B2_gat_train46_outage_60s_eval43.json: exists
[30/30] B2_gat_train46_outage_60s_eval44.json: exists
summary: /Users/hongweilin/Documents/workspace/documents/Personal/DMU/Final Dissertation/dissertation-v12-full-rerun/runs/dissertation_v12_sumo120/faithfulness_controls/B2_full/summary.json
$ '/Users/hongweilin/Documents/workspace/documents/Personal/DMU/Final Dissertation/dissertation-v12-full-rerun/.venv/bin/python' scripts/run_faithfulness_controls.py --models B2_gat --training-seeds 42 43 44 45 46 --eval-seeds 42 43 44 --episodes 3 --conditions clean outage_60s --checkpoint-root '/Users/hongweilin/Documents/workspace/documents/Personal/DMU/Final Dissertation/dissertation-v12-full-rerun/runs/dissertation_v12_sumo120/training' --action-row-only --out '/Users/hongweilin/Documents/workspace/documents/Personal/DMU/Final Dissertation/dissertation-v12-full-rerun/runs/dissertation_v12_sumo120/faithfulness_controls/B2_action_row'
[1/30] B2_gat_train42_clean_eval42.json: exists
[2/30] B2_gat_train42_clean_eval43.json: exists
[3/30] B2_gat_train42_clean_eval44.json: exists
[4/30] B2_gat_train42_outage_60s_eval42.json: exists
[5/30] B2_gat_train42_outage_60s_eval43.json: exists
[6/30] B2_gat_train42_outage_60s_eval44.json: exists
[7/30] B2_gat_train43_clean_eval42.json: exists
[8/30] B2_gat_train43_clean_eval43.json: exists
[9/30] B2_gat_train43_clean_eval44.json: exists
[10/30] B2_gat_train43_outage_60s_eval42.json: exists
[11/30] B2_gat_train43_outage_60s_eval43.json: exists
[12/30] B2_gat_train43_outage_60s_eval44.json: exists
[13/30] B2_gat_train44_clean_eval42.json: exists
[14/30] B2_gat_train44_clean_eval43.json: exists
[15/30] B2_gat_train44_clean_eval44.json: exists
[16/30] B2_gat_train44_outage_60s_eval42.json: exists
[17/30] B2_gat_train44_outage_60s_eval43.json: exists
[18/30] B2_gat_train44_outage_60s_eval44.json: exists
[19/30] B2_gat_train45_clean_eval42.json: exists
[20/30] B2_gat_train45_clean_eval43.json: exists
[21/30] B2_gat_train45_clean_eval44.json: exists
[22/30] B2_gat_train45_outage_60s_eval42.json: exists
[23/30] B2_gat_train45_outage_60s_eval43.json: exists
[24/30] B2_gat_train45_outage_60s_eval44.json: exists
[25/30] B2_gat_train46_clean_eval42.json: exists
[26/30] B2_gat_train46_clean_eval43.json: exists
[27/30] B2_gat_train46_clean_eval44.json: exists
[28/30] B2_gat_train46_outage_60s_eval42.json: exists
[29/30] B2_gat_train46_outage_60s_eval43.json: exists
[30/30] B2_gat_train46_outage_60s_eval44.json: exists
summary: /Users/hongweilin/Documents/workspace/documents/Personal/DMU/Final Dissertation/dissertation-v12-full-rerun/runs/dissertation_v12_sumo120/faithfulness_controls/B2_action_row/summary.json
$ '/Users/hongweilin/Documents/workspace/documents/Personal/DMU/Final Dissertation/dissertation-v12-full-rerun/.venv/bin/python' scripts/run_faithfulness_controls.py --models H5_gat_degraded --training-seeds 42 43 44 45 46 --eval-seeds 42 43 44 --episodes 3 --conditions clean outage_60s --checkpoint-root '/Users/hongweilin/Documents/workspace/documents/Personal/DMU/Final Dissertation/dissertation-v12-full-rerun/runs/dissertation_v12_sumo120/training' --faithfulness-every 8 --out '/Users/hongweilin/Documents/workspace/documents/Personal/DMU/Final Dissertation/dissertation-v12-full-rerun/runs/dissertation_v12_sumo120/faithfulness_controls/H5_full'
[1/30] H5_gat_degraded_train42_clean_eval42.json: exists
[2/30] H5_gat_degraded_train42_clean_eval43.json: exists
[3/30] H5_gat_degraded_train42_clean_eval44.json: exists
[4/30] H5_gat_degraded_train42_outage_60s_eval42.json: exists
[5/30] H5_gat_degraded_train42_outage_60s_eval43.json: exists
[6/30] H5_gat_degraded_train42_outage_60s_eval44.json: exists
[7/30] H5_gat_degraded_train43_clean_eval42.json: exists
[8/30] H5_gat_degraded_train43_clean_eval43.json: exists
[9/30] H5_gat_degraded_train43_clean_eval44.json: exists
[10/30] H5_gat_degraded_train43_outage_60s_eval42.json: exists
[11/30] H5_gat_degraded_train43_outage_60s_eval43.json: exists
[12/30] H5_gat_degraded_train43_outage_60s_eval44.json: exists
[13/30] H5_gat_degraded_train44_clean_eval42.json: exists
[14/30] H5_gat_degraded_train44_clean_eval43.json: exists
[15/30] H5_gat_degraded_train44_clean_eval44.json: exists
[16/30] H5_gat_degraded_train44_outage_60s_eval42.json: exists
[17/30] H5_gat_degraded_train44_outage_60s_eval43.json: exists
[18/30] H5_gat_degraded_train44_outage_60s_eval44.json: exists
[19/30] H5_gat_degraded_train45_clean_eval42.json: exists
[20/30] H5_gat_degraded_train45_clean_eval43.json: exists
[21/30] H5_gat_degraded_train45_clean_eval44.json: exists
[22/30] H5_gat_degraded_train45_outage_60s_eval42.json: exists
[23/30] H5_gat_degraded_train45_outage_60s_eval43.json: exists
[24/30] H5_gat_degraded_train45_outage_60s_eval44.json: exists
[25/30] H5_gat_degraded_train46_clean_eval42.json: exists
[26/30] H5_gat_degraded_train46_clean_eval43.json: exists
[27/30] H5_gat_degraded_train46_clean_eval44.json: exists
[28/30] H5_gat_degraded_train46_outage_60s_eval42.json: exists
[29/30] H5_gat_degraded_train46_outage_60s_eval43.json: exists
[30/30] H5_gat_degraded_train46_outage_60s_eval44.json: exists
summary: /Users/hongweilin/Documents/workspace/documents/Personal/DMU/Final Dissertation/dissertation-v12-full-rerun/runs/dissertation_v12_sumo120/faithfulness_controls/H5_full/summary.json
$ '/Users/hongweilin/Documents/workspace/documents/Personal/DMU/Final Dissertation/dissertation-v12-full-rerun/.venv/bin/python' scripts/run_faithfulness_controls.py --models H5_gat_degraded --training-seeds 42 43 44 45 46 --eval-seeds 42 43 44 --episodes 3 --conditions clean outage_60s --checkpoint-root '/Users/hongweilin/Documents/workspace/documents/Personal/DMU/Final Dissertation/dissertation-v12-full-rerun/runs/dissertation_v12_sumo120/training' --action-row-only --out '/Users/hongweilin/Documents/workspace/documents/Personal/DMU/Final Dissertation/dissertation-v12-full-rerun/runs/dissertation_v12_sumo120/faithfulness_controls/H5_action_row'
[1/30] H5_gat_degraded_train42_clean_eval42.json: exists
[2/30] H5_gat_degraded_train42_clean_eval43.json: exists
[3/30] H5_gat_degraded_train42_clean_eval44.json: exists
[4/30] H5_gat_degraded_train42_outage_60s_eval42.json: exists
[5/30] H5_gat_degraded_train42_outage_60s_eval43.json: exists
[6/30] H5_gat_degraded_train42_outage_60s_eval44.json: exists
[7/30] H5_gat_degraded_train43_clean_eval42.json: exists
[8/30] H5_gat_degraded_train43_clean_eval43.json: exists
[9/30] H5_gat_degraded_train43_clean_eval44.json: exists
[10/30] H5_gat_degraded_train43_outage_60s_eval42.json: exists
[11/30] H5_gat_degraded_train43_outage_60s_eval43.json: exists
[12/30] H5_gat_degraded_train43_outage_60s_eval44.json: exists
[13/30] H5_gat_degraded_train44_clean_eval42.json: exists
[14/30] H5_gat_degraded_train44_clean_eval43.json: exists
[15/30] H5_gat_degraded_train44_clean_eval44.json: exists
[16/30] H5_gat_degraded_train44_outage_60s_eval42.json: exists
[17/30] H5_gat_degraded_train44_outage_60s_eval43.json: exists
[18/30] H5_gat_degraded_train44_outage_60s_eval44.json: exists
[19/30] H5_gat_degraded_train45_clean_eval42.json: exists
[20/30] H5_gat_degraded_train45_clean_eval43.json: exists
[21/30] H5_gat_degraded_train45_clean_eval44.json: exists
[22/30] H5_gat_degraded_train45_outage_60s_eval42.json: exists
[23/30] H5_gat_degraded_train45_outage_60s_eval43.json: exists
[24/30] H5_gat_degraded_train45_outage_60s_eval44.json: exists
[25/30] H5_gat_degraded_train46_clean_eval42.json: exists
[26/30] H5_gat_degraded_train46_clean_eval43.json: exists
[27/30] H5_gat_degraded_train46_clean_eval44.json: exists
[28/30] H5_gat_degraded_train46_outage_60s_eval42.json: exists
[29/30] H5_gat_degraded_train46_outage_60s_eval43.json: exists
[30/30] H5_gat_degraded_train46_outage_60s_eval44.json: exists
summary: /Users/hongweilin/Documents/workspace/documents/Personal/DMU/Final Dissertation/dissertation-v12-full-rerun/runs/dissertation_v12_sumo120/faithfulness_controls/H5_action_row/summary.json
