$ '/Users/hongweilin/Documents/workspace/documents/Personal/DMU/Final Dissertation/dissertation-v12-full-rerun/.venv/bin/python' scripts/analyze_hypotheses.py '/Users/hongweilin/Documents/workspace/documents/Personal/DMU/Final Dissertation/dissertation-v12-full-rerun/runs/dissertation_v12_sumo120/sweeps/B2_gat/seed_42'
sweep:   /Users/hongweilin/Documents/workspace/documents/Personal/DMU/Final Dissertation/dissertation-v12-full-rerun/runs/dissertation_v12_sumo120/sweeps/B2_gat/seed_42
ckpt:    runs/dissertation_v12_sumo120/training/B2_gat/seed_42/ckpt_selected.pt  (epoch 40)
cells:   40  |  decisions with records: 4836

axis             level  deg_rate  pickups     DEF         DEF 95% CI   WAMSN   drift
------------------------------------------------------------------------------------
clean                0    0.0000    12.83  -0.000 [-0.000, -0.000]     0.000  0.0000
outage_duration      10    0.0082    12.83  -0.000 [-0.000, -0.000]     0.013  0.0000
outage_duration      20    0.0158    12.83  -0.000 [-0.000, -0.000]     0.025  0.0000
outage_duration      30    0.0230    12.83  -0.000 [-0.000, -0.000]     0.038  0.0001
outage_duration      60    0.0318    12.79  -0.000 [-0.000, -0.000]     0.061  0.0001

hypothesis tests (α = 0.05, one-sided):
  H1 (DEF ↓ with outage_duration): not supported  (stat=+0.081, p=1.0000, n=3988)
  H1m (margin-DEF ↓ with outage_duration): not supported  (stat=+0.085, p=1.0000, n=3988)
  H2 (faith declines faster, outage_duration): not supported  (stat=-0.511, p=1.0000, n=32)
  H2m (margin-faith declines faster, outage_duration): not supported  (stat=-0.523, p=1.0000, n=32)
  H3 (WAMSN ↑ with outage_duration): SUPPORTED  (stat=+0.478, p=0.0001, n=4836)
  H4 (WAMSN–DEF negative, pooled): not supported  (stat=+0.135, p=1.0000, n=3673)

cluster-robust statistics (episode-block permutation, primary):
  stale-attention shift (binary stale mask, degraded - clean twin): mean=+0.0038  CI95=[+0.0037, +0.0039]  p=0.0001  (episode blocks=192)
  paired exposed probability_def: delta=+0.0001  CI95=[+0.0000, +0.0001]  p(decrease)=1.0000  (blocks=176)
  paired exposed margin_def: delta=+0.0002  CI95=[+0.0001, +0.0003]  p(decrease)=1.0000  (blocks=176)
  paired exposed protected_probability_def: delta=+0.0001  CI95=[+0.0001, +0.0001]  p(decrease)=1.0000  (blocks=176)
  paired exposed protected_margin_def: delta=+0.0004  CI95=[+0.0002, +0.0005]  p(decrease)=1.0000  (blocks=176)
  H1_robust (def vs outage_duration): rho=+0.081  p_episode=0.9999  CI95=[+0.041, +0.121]  (blocks=240)
  H1m_robust (def_m vs outage_duration): rho=+0.085  p_episode=1.0000  CI95=[+0.046, +0.123]  (blocks=240)
  H3_robust (wamsn vs outage_duration): rho=+0.478  p_episode=0.0001  CI95=[+0.445, +0.509]  (blocks=240)
  H4_within_episode: mean within-episode rho=+0.154  (26% episodes negative)  p=1.0000  (episodes=176)
  H4m_within_episode: mean within-episode rho=+0.164  (25% episodes negative)  p=1.0000  (episodes=176)

confirmatory family (robust p where available) with Holm correction:
  H1: raw p=0.9999 → Holm p=1.0000  not supported
  H2: raw p=1.0000 → Holm p=1.0000  not supported
  H3: raw p=0.0001 → Holm p=0.0004  SUPPORTED
  H4: raw p=1.0000 → Holm p=1.0000  not supported
  (margin-DEF variants and secondary axes are exploratory by declaration — reported unadjusted, flagged as such)

prob-DEF vs margin-DEF rank agreement: rho=+0.997 (n=3988)

action-stratified diagnostics (exploratory):
  all      n=3988   (100.0%)  mean pi=0.3351  paired DEF=+0.000065
  no_op    n=1188   (29.8%)  mean pi=0.3749  paired DEF=-0.000019
  dispatch n=2800   (70.2%)  mean pi=0.3183  paired DEF=+0.000104

analysis: /Users/hongweilin/Documents/workspace/documents/Personal/DMU/Final Dissertation/dissertation-v12-full-rerun/runs/dissertation_v12_sumo120/sweeps/B2_gat/seed_42/analysis.json
$ '/Users/hongweilin/Documents/workspace/documents/Personal/DMU/Final Dissertation/dissertation-v12-full-rerun/.venv/bin/python' scripts/analyze_hypotheses.py '/Users/hongweilin/Documents/workspace/documents/Personal/DMU/Final Dissertation/dissertation-v12-full-rerun/runs/dissertation_v12_sumo120/sweeps/B2_gat/seed_43'
sweep:   /Users/hongweilin/Documents/workspace/documents/Personal/DMU/Final Dissertation/dissertation-v12-full-rerun/runs/dissertation_v12_sumo120/sweeps/B2_gat/seed_43
ckpt:    runs/dissertation_v12_sumo120/training/B2_gat/seed_43/ckpt_selected.pt  (epoch 28)
cells:   40  |  decisions with records: 4869

axis             level  deg_rate  pickups     DEF         DEF 95% CI   WAMSN   drift
------------------------------------------------------------------------------------
clean                0    0.0000    12.79  -0.000 [-0.000, -0.000]     0.000  0.0000
outage_duration      10    0.0082    12.79  -0.000 [-0.000, -0.000]     0.013  0.0000
outage_duration      20    0.0158    12.79  -0.000 [-0.000, -0.000]     0.025  0.0000
outage_duration      30    0.0230    12.79  -0.000 [-0.000, -0.000]     0.037  0.0000
outage_duration      60    0.0313    12.79  -0.000 [-0.000, -0.000]     0.058  0.0000

hypothesis tests (α = 0.05, one-sided):
  H1 (DEF ↓ with outage_duration): not supported  (stat=+0.099, p=1.0000, n=4021)
  H1m (margin-DEF ↓ with outage_duration): not supported  (stat=+0.095, p=1.0000, n=4021)
  H2 (faith declines faster, outage_duration): not supported  (stat=-0.669, p=1.0000, n=32)
  H2m (margin-faith declines faster, outage_duration): not supported  (stat=-0.675, p=1.0000, n=32)
  H3 (WAMSN ↑ with outage_duration): SUPPORTED  (stat=+0.476, p=0.0001, n=4869)
  H4 (WAMSN–DEF negative, pooled): not supported  (stat=+0.259, p=1.0000, n=3705)

cluster-robust statistics (episode-block permutation, primary):
  stale-attention shift (binary stale mask, degraded - clean twin): mean=+0.0007  CI95=[+0.0006, +0.0007]  p=0.0001  (episode blocks=192)
  paired exposed probability_def: delta=+0.0001  CI95=[+0.0001, +0.0001]  p(decrease)=1.0000  (blocks=176)
  paired exposed margin_def: delta=+0.0004  CI95=[+0.0004, +0.0005]  p(decrease)=1.0000  (blocks=176)
  paired exposed protected_probability_def: delta=+0.0002  CI95=[+0.0002, +0.0002]  p(decrease)=1.0000  (blocks=176)
  paired exposed protected_margin_def: delta=+0.0009  CI95=[+0.0009, +0.0010]  p(decrease)=1.0000  (blocks=176)
  H1_robust (def vs outage_duration): rho=+0.099  p_episode=1.0000  CI95=[+0.058, +0.140]  (blocks=240)
  H1m_robust (def_m vs outage_duration): rho=+0.095  p_episode=1.0000  CI95=[+0.055, +0.136]  (blocks=240)
  H3_robust (wamsn vs outage_duration): rho=+0.476  p_episode=0.0001  CI95=[+0.445, +0.507]  (blocks=240)
  H4_within_episode: mean within-episode rho=+0.287  (22% episodes negative)  p=1.0000  (episodes=176)
  H4m_within_episode: mean within-episode rho=+0.281  (21% episodes negative)  p=1.0000  (episodes=176)

confirmatory family (robust p where available) with Holm correction:
  H1: raw p=1.0000 → Holm p=1.0000  not supported
  H2: raw p=1.0000 → Holm p=1.0000  not supported
  H3: raw p=0.0001 → Holm p=0.0004  SUPPORTED
  H4: raw p=1.0000 → Holm p=1.0000  not supported
  (margin-DEF variants and secondary axes are exploratory by declaration — reported unadjusted, flagged as such)

prob-DEF vs margin-DEF rank agreement: rho=+0.995 (n=4021)

action-stratified diagnostics (exploratory):
  all      n=4021   (100.0%)  mean pi=0.3549  paired DEF=+0.000122
  no_op    n=863    (21.5%)  mean pi=0.2795  paired DEF=-0.000248
  dispatch n=3158   (78.5%)  mean pi=0.3755  paired DEF=+0.000235

analysis: /Users/hongweilin/Documents/workspace/documents/Personal/DMU/Final Dissertation/dissertation-v12-full-rerun/runs/dissertation_v12_sumo120/sweeps/B2_gat/seed_43/analysis.json
$ '/Users/hongweilin/Documents/workspace/documents/Personal/DMU/Final Dissertation/dissertation-v12-full-rerun/.venv/bin/python' scripts/analyze_hypotheses.py '/Users/hongweilin/Documents/workspace/documents/Personal/DMU/Final Dissertation/dissertation-v12-full-rerun/runs/dissertation_v12_sumo120/sweeps/B2_gat/seed_44'
sweep:   /Users/hongweilin/Documents/workspace/documents/Personal/DMU/Final Dissertation/dissertation-v12-full-rerun/runs/dissertation_v12_sumo120/sweeps/B2_gat/seed_44
ckpt:    runs/dissertation_v12_sumo120/training/B2_gat/seed_44/ckpt_selected.pt  (epoch 10)
cells:   40  |  decisions with records: 4881

axis             level  deg_rate  pickups     DEF         DEF 95% CI   WAMSN   drift
------------------------------------------------------------------------------------
clean                0    0.0000    12.90  -0.000 [-0.000, -0.000]     0.000  0.0000
outage_duration      10    0.0081    12.90  -0.000 [-0.000, -0.000]     0.013  0.0001
outage_duration      20    0.0157    12.90  -0.000 [-0.000, -0.000]     0.024  0.0001
outage_duration      30    0.0229    12.90  -0.000 [-0.000, -0.000]     0.036  0.0001
outage_duration      60    0.0313    12.90  -0.000 [-0.000, -0.000]     0.056  0.0001

hypothesis tests (α = 0.05, one-sided):
  H1 (DEF ↓ with outage_duration): not supported  (stat=+0.057, p=0.9999, n=4033)
  H1m (margin-DEF ↓ with outage_duration): not supported  (stat=+0.052, p=0.9996, n=4033)
  H2 (faith declines faster, outage_duration): not supported  (stat=-0.651, p=1.0000, n=32)
  H2m (margin-faith declines faster, outage_duration): not supported  (stat=-0.641, p=1.0000, n=32)
  H3 (WAMSN ↑ with outage_duration): SUPPORTED  (stat=+0.481, p=0.0001, n=4881)
  H4 (WAMSN–DEF negative, pooled): not supported  (stat=+0.165, p=1.0000, n=3715)

cluster-robust statistics (episode-block permutation, primary):
  stale-attention shift (binary stale mask, degraded - clean twin): mean=-0.0034  CI95=[-0.0035, -0.0034]  p=1.0000  (episode blocks=192)
  paired exposed probability_def: delta=+0.0001  CI95=[+0.0001, +0.0001]  p(decrease)=1.0000  (blocks=176)
  paired exposed margin_def: delta=+0.0003  CI95=[+0.0002, +0.0003]  p(decrease)=1.0000  (blocks=176)
  paired exposed protected_probability_def: delta=+0.0001  CI95=[+0.0001, +0.0001]  p(decrease)=1.0000  (blocks=176)
  paired exposed protected_margin_def: delta=+0.0005  CI95=[+0.0005, +0.0005]  p(decrease)=1.0000  (blocks=176)
  H1_robust (def vs outage_duration): rho=+0.057  p_episode=0.9990  CI95=[+0.019, +0.095]  (blocks=240)
  H1m_robust (def_m vs outage_duration): rho=+0.052  p_episode=0.9977  CI95=[+0.014, +0.093]  (blocks=240)
  H3_robust (wamsn vs outage_duration): rho=+0.481  p_episode=0.0001  CI95=[+0.449, +0.511]  (blocks=240)
  H4_within_episode: mean within-episode rho=+0.196  (30% episodes negative)  p=1.0000  (episodes=176)
  H4m_within_episode: mean within-episode rho=+0.183  (31% episodes negative)  p=1.0000  (episodes=176)

confirmatory family (robust p where available) with Holm correction:
  H1: raw p=0.9990 → Holm p=1.0000  not supported
  H2: raw p=1.0000 → Holm p=1.0000  not supported
  H3: raw p=0.0001 → Holm p=0.0004  SUPPORTED
  H4: raw p=1.0000 → Holm p=1.0000  not supported
  (margin-DEF variants and secondary axes are exploratory by declaration — reported unadjusted, flagged as such)

prob-DEF vs margin-DEF rank agreement: rho=+0.994 (n=4033)

action-stratified diagnostics (exploratory):
  all      n=4033   (100.0%)  mean pi=0.3448  paired DEF=+0.000082
  no_op    n=981    (24.3%)  mean pi=0.3084  paired DEF=-0.000063
  dispatch n=3052   (75.7%)  mean pi=0.3565  paired DEF=+0.000140

analysis: /Users/hongweilin/Documents/workspace/documents/Personal/DMU/Final Dissertation/dissertation-v12-full-rerun/runs/dissertation_v12_sumo120/sweeps/B2_gat/seed_44/analysis.json
$ '/Users/hongweilin/Documents/workspace/documents/Personal/DMU/Final Dissertation/dissertation-v12-full-rerun/.venv/bin/python' scripts/analyze_hypotheses.py '/Users/hongweilin/Documents/workspace/documents/Personal/DMU/Final Dissertation/dissertation-v12-full-rerun/runs/dissertation_v12_sumo120/sweeps/B2_gat/seed_45'
sweep:   /Users/hongweilin/Documents/workspace/documents/Personal/DMU/Final Dissertation/dissertation-v12-full-rerun/runs/dissertation_v12_sumo120/sweeps/B2_gat/seed_45
ckpt:    runs/dissertation_v12_sumo120/training/B2_gat/seed_45/ckpt_selected.pt  (epoch 20)
cells:   40  |  decisions with records: 4877

axis             level  deg_rate  pickups     DEF         DEF 95% CI   WAMSN   drift
------------------------------------------------------------------------------------
clean                0    0.0000    12.81  +0.000 [+0.000, +0.000]     0.000  0.0000
outage_duration      10    0.0082    12.81  +0.000 [+0.000, +0.000]     0.013  0.0000
outage_duration      20    0.0157    12.81  +0.000 [+0.000, +0.000]     0.025  0.0001
outage_duration      30    0.0229    12.81  +0.000 [+0.000, +0.000]     0.038  0.0001
outage_duration      60    0.0313    12.88  +0.000 [-0.000, +0.000]     0.060  0.0001

hypothesis tests (α = 0.05, one-sided):
  H1 (DEF ↓ with outage_duration): SUPPORTED  (stat=-0.039, p=0.0069, n=4029)
  H1m (margin-DEF ↓ with outage_duration): SUPPORTED  (stat=-0.035, p=0.0127, n=4029)
  H2 (faith declines faster, outage_duration): SUPPORTED  (stat=+0.452, p=0.0001, n=32)
  H2m (margin-faith declines faster, outage_duration): SUPPORTED  (stat=+0.392, p=0.0068, n=32)
  H3 (WAMSN ↑ with outage_duration): SUPPORTED  (stat=+0.483, p=0.0001, n=4877)
  H4 (WAMSN–DEF negative, pooled): SUPPORTED  (stat=-0.074, p=0.0001, n=3711)

cluster-robust statistics (episode-block permutation, primary):
  stale-attention shift (binary stale mask, degraded - clean twin): mean=+0.0040  CI95=[+0.0039, +0.0041]  p=0.0001  (episode blocks=192)
  paired exposed probability_def: delta=-0.0000  CI95=[-0.0000, -0.0000]  p(decrease)=0.0001  (blocks=176)
  paired exposed margin_def: delta=-0.0000  CI95=[-0.0000, -0.0000]  p(decrease)=0.0001  (blocks=176)
  paired exposed protected_probability_def: delta=-0.0000  CI95=[-0.0000, -0.0000]  p(decrease)=0.0009  (blocks=176)
  paired exposed protected_margin_def: delta=-0.0000  CI95=[-0.0000, -0.0000]  p(decrease)=0.0016  (blocks=176)
  H1_robust (def vs outage_duration): rho=-0.039  p_episode=0.0078  CI95=[-0.071, -0.006]  (blocks=240)
  H1m_robust (def_m vs outage_duration): rho=-0.035  p_episode=0.0156  CI95=[-0.067, -0.002]  (blocks=240)
  H3_robust (wamsn vs outage_duration): rho=+0.483  p_episode=0.0001  CI95=[+0.452, +0.511]  (blocks=240)
  H4_within_episode: mean within-episode rho=-0.063  (62% episodes negative)  p=0.0003  (episodes=176)
  H4m_within_episode: mean within-episode rho=-0.064  (61% episodes negative)  p=0.0003  (episodes=176)

confirmatory family (robust p where available) with Holm correction:
  H1: raw p=0.0078 → Holm p=0.0078  SUPPORTED
  H2: raw p=0.0001 → Holm p=0.0004  SUPPORTED
  H3: raw p=0.0001 → Holm p=0.0004  SUPPORTED
  H4: raw p=0.0003 → Holm p=0.0006  SUPPORTED
  (margin-DEF variants and secondary axes are exploratory by declaration — reported unadjusted, flagged as such)

prob-DEF vs margin-DEF rank agreement: rho=+0.995 (n=4029)

action-stratified diagnostics (exploratory):
  all      n=4029   (100.0%)  mean pi=0.3414  paired DEF=-0.000008
  no_op    n=1028   (25.5%)  mean pi=0.3212  paired DEF=-0.000001
  dispatch n=3001   (74.5%)  mean pi=0.3483  paired DEF=-0.000007

analysis: /Users/hongweilin/Documents/workspace/documents/Personal/DMU/Final Dissertation/dissertation-v12-full-rerun/runs/dissertation_v12_sumo120/sweeps/B2_gat/seed_45/analysis.json
$ '/Users/hongweilin/Documents/workspace/documents/Personal/DMU/Final Dissertation/dissertation-v12-full-rerun/.venv/bin/python' scripts/analyze_hypotheses.py '/Users/hongweilin/Documents/workspace/documents/Personal/DMU/Final Dissertation/dissertation-v12-full-rerun/runs/dissertation_v12_sumo120/sweeps/B2_gat/seed_46'
sweep:   /Users/hongweilin/Documents/workspace/documents/Personal/DMU/Final Dissertation/dissertation-v12-full-rerun/runs/dissertation_v12_sumo120/sweeps/B2_gat/seed_46
ckpt:    runs/dissertation_v12_sumo120/training/B2_gat/seed_46/ckpt_selected.pt  (epoch 10)
cells:   40  |  decisions with records: 4873

axis             level  deg_rate  pickups     DEF         DEF 95% CI   WAMSN   drift
------------------------------------------------------------------------------------
clean                0    0.0000    12.92  -0.000 [-0.000, -0.000]     0.000  0.0000
outage_duration      10    0.0082    12.92  -0.000 [-0.000, -0.000]     0.013  0.0000
outage_duration      20    0.0159    12.92  -0.000 [-0.000, -0.000]     0.025  0.0000
outage_duration      30    0.0233    12.92  -0.000 [-0.000, -0.000]     0.038  0.0000
outage_duration      60    0.0319    12.92  -0.000 [-0.000, -0.000]     0.060  0.0000

hypothesis tests (α = 0.05, one-sided):
  H1 (DEF ↓ with outage_duration): not supported  (stat=+0.076, p=1.0000, n=4025)
  H1m (margin-DEF ↓ with outage_duration): not supported  (stat=+0.075, p=1.0000, n=4025)
  H2 (faith declines faster, outage_duration): not supported  (stat=-0.598, p=1.0000, n=32)
  H2m (margin-faith declines faster, outage_duration): not supported  (stat=-0.594, p=1.0000, n=32)
  H3 (WAMSN ↑ with outage_duration): SUPPORTED  (stat=+0.483, p=0.0001, n=4873)
  H4 (WAMSN–DEF negative, pooled): not supported  (stat=+0.144, p=1.0000, n=3709)

cluster-robust statistics (episode-block permutation, primary):
  stale-attention shift (binary stale mask, degraded - clean twin): mean=+0.0025  CI95=[+0.0024, +0.0025]  p=0.0001  (episode blocks=192)
  paired exposed probability_def: delta=+0.0001  CI95=[+0.0001, +0.0001]  p(decrease)=1.0000  (blocks=176)
  paired exposed margin_def: delta=+0.0003  CI95=[+0.0002, +0.0003]  p(decrease)=1.0000  (blocks=176)
  paired exposed protected_probability_def: delta=+0.0001  CI95=[+0.0001, +0.0002]  p(decrease)=1.0000  (blocks=176)
  paired exposed protected_margin_def: delta=+0.0005  CI95=[+0.0005, +0.0006]  p(decrease)=1.0000  (blocks=176)
  H1_robust (def vs outage_duration): rho=+0.076  p_episode=0.9999  CI95=[+0.040, +0.114]  (blocks=240)
  H1m_robust (def_m vs outage_duration): rho=+0.075  p_episode=0.9999  CI95=[+0.035, +0.113]  (blocks=240)
  H3_robust (wamsn vs outage_duration): rho=+0.483  p_episode=0.0001  CI95=[+0.453, +0.510]  (blocks=240)
  H4_within_episode: mean within-episode rho=+0.140  (35% episodes negative)  p=1.0000  (episodes=176)
  H4m_within_episode: mean within-episode rho=+0.143  (36% episodes negative)  p=1.0000  (episodes=176)

confirmatory family (robust p where available) with Holm correction:
  H1: raw p=0.9999 → Holm p=1.0000  not supported
  H2: raw p=1.0000 → Holm p=1.0000  not supported
  H3: raw p=0.0001 → Holm p=0.0004  SUPPORTED
  H4: raw p=1.0000 → Holm p=1.0000  not supported
  (margin-DEF variants and secondary axes are exploratory by declaration — reported unadjusted, flagged as such)

prob-DEF vs margin-DEF rank agreement: rho=+0.993 (n=4025)

action-stratified diagnostics (exploratory):
  all      n=4025   (100.0%)  mean pi=0.3380  paired DEF=+0.000083
  no_op    n=1083   (26.9%)  mean pi=0.3397  paired DEF=-0.000017
  dispatch n=2942   (73.1%)  mean pi=0.3374  paired DEF=+0.000144

analysis: /Users/hongweilin/Documents/workspace/documents/Personal/DMU/Final Dissertation/dissertation-v12-full-rerun/runs/dissertation_v12_sumo120/sweeps/B2_gat/seed_46/analysis.json
$ '/Users/hongweilin/Documents/workspace/documents/Personal/DMU/Final Dissertation/dissertation-v12-full-rerun/.venv/bin/python' scripts/analyze_hypotheses.py '/Users/hongweilin/Documents/workspace/documents/Personal/DMU/Final Dissertation/dissertation-v12-full-rerun/runs/dissertation_v12_sumo120/sweeps/H5_gat_degraded/seed_42'
sweep:   /Users/hongweilin/Documents/workspace/documents/Personal/DMU/Final Dissertation/dissertation-v12-full-rerun/runs/dissertation_v12_sumo120/sweeps/H5_gat_degraded/seed_42
ckpt:    runs/dissertation_v12_sumo120/training/H5_gat_degraded/seed_42/ckpt_selected.pt  (epoch 10)
cells:   40  |  decisions with records: 4874

axis             level  deg_rate  pickups     DEF         DEF 95% CI   WAMSN   drift
------------------------------------------------------------------------------------
clean                0    0.0000    12.96  -0.000 [-0.000, -0.000]     0.000  0.0000
outage_duration      10    0.0082    12.96  -0.000 [-0.000, -0.000]     0.013  0.0000
outage_duration      20    0.0157    12.96  -0.000 [-0.000, -0.000]     0.025  0.0000
outage_duration      30    0.0229    12.96  -0.000 [-0.000, -0.000]     0.038  0.0000
outage_duration      60    0.0313    13.02  -0.000 [-0.000, -0.000]     0.060  0.0001

hypothesis tests (α = 0.05, one-sided):
  H1 (DEF ↓ with outage_duration): not supported  (stat=+0.198, p=1.0000, n=4026)
  H1m (margin-DEF ↓ with outage_duration): not supported  (stat=+0.191, p=1.0000, n=4026)
  H2 (faith declines faster, outage_duration): not supported  (stat=-0.641, p=1.0000, n=32)
  H2m (margin-faith declines faster, outage_duration): not supported  (stat=-0.650, p=1.0000, n=32)
  H3 (WAMSN ↑ with outage_duration): SUPPORTED  (stat=+0.481, p=0.0001, n=4874)
  H4 (WAMSN–DEF negative, pooled): not supported  (stat=+0.396, p=1.0000, n=3708)

cluster-robust statistics (episode-block permutation, primary):
  stale-attention shift (binary stale mask, degraded - clean twin): mean=+0.0033  CI95=[+0.0032, +0.0034]  p=0.0001  (episode blocks=192)
  paired exposed probability_def: delta=+0.0001  CI95=[+0.0001, +0.0001]  p(decrease)=1.0000  (blocks=176)
  paired exposed margin_def: delta=+0.0004  CI95=[+0.0003, +0.0004]  p(decrease)=1.0000  (blocks=176)
  paired exposed protected_probability_def: delta=+0.0002  CI95=[+0.0001, +0.0002]  p(decrease)=1.0000  (blocks=176)
  paired exposed protected_margin_def: delta=+0.0006  CI95=[+0.0005, +0.0007]  p(decrease)=1.0000  (blocks=176)
  H1_robust (def vs outage_duration): rho=+0.198  p_episode=1.0000  CI95=[+0.164, +0.234]  (blocks=240)
  H1m_robust (def_m vs outage_duration): rho=+0.191  p_episode=1.0000  CI95=[+0.156, +0.225]  (blocks=240)
  H3_robust (wamsn vs outage_duration): rho=+0.481  p_episode=0.0001  CI95=[+0.450, +0.510]  (blocks=240)
  H4_within_episode: mean within-episode rho=+0.383  (4% episodes negative)  p=1.0000  (episodes=176)
  H4m_within_episode: mean within-episode rho=+0.375  (5% episodes negative)  p=1.0000  (episodes=176)

confirmatory family (robust p where available) with Holm correction:
  H1: raw p=1.0000 → Holm p=1.0000  not supported
  H2: raw p=1.0000 → Holm p=1.0000  not supported
  H3: raw p=0.0001 → Holm p=0.0004  SUPPORTED
  H4: raw p=1.0000 → Holm p=1.0000  not supported
  (margin-DEF variants and secondary axes are exploratory by declaration — reported unadjusted, flagged as such)

prob-DEF vs margin-DEF rank agreement: rho=+0.997 (n=4026)

action-stratified diagnostics (exploratory):
  all      n=4026   (100.0%)  mean pi=0.3411  paired DEF=+0.000097
  no_op    n=1033   (25.7%)  mean pi=0.3226  paired DEF=-0.000042
  dispatch n=2993   (74.3%)  mean pi=0.3474  paired DEF=+0.000154

analysis: /Users/hongweilin/Documents/workspace/documents/Personal/DMU/Final Dissertation/dissertation-v12-full-rerun/runs/dissertation_v12_sumo120/sweeps/H5_gat_degraded/seed_42/analysis.json
$ '/Users/hongweilin/Documents/workspace/documents/Personal/DMU/Final Dissertation/dissertation-v12-full-rerun/.venv/bin/python' scripts/analyze_hypotheses.py '/Users/hongweilin/Documents/workspace/documents/Personal/DMU/Final Dissertation/dissertation-v12-full-rerun/runs/dissertation_v12_sumo120/sweeps/H5_gat_degraded/seed_43'
sweep:   /Users/hongweilin/Documents/workspace/documents/Personal/DMU/Final Dissertation/dissertation-v12-full-rerun/runs/dissertation_v12_sumo120/sweeps/H5_gat_degraded/seed_43
ckpt:    runs/dissertation_v12_sumo120/training/H5_gat_degraded/seed_43/ckpt_selected.pt  (epoch 10)
cells:   40  |  decisions with records: 4845

axis             level  deg_rate  pickups     DEF         DEF 95% CI   WAMSN   drift
------------------------------------------------------------------------------------
clean                0    0.0000    12.27  -0.001 [-0.001, -0.001]     0.000  0.0000
outage_duration      10    0.0083    12.27  -0.001 [-0.001, -0.001]     0.013  0.0000
outage_duration      20    0.0165    12.27  -0.000 [-0.000, -0.000]     0.025  0.0000
outage_duration      30    0.0240    12.27  -0.001 [-0.001, -0.000]     0.037  0.0000
outage_duration      60    0.0316    12.27  -0.001 [-0.001, -0.001]     0.059  0.0000

hypothesis tests (α = 0.05, one-sided):
  H1 (DEF ↓ with outage_duration): not supported  (stat=+0.022, p=0.9123, n=3997)
  H1m (margin-DEF ↓ with outage_duration): not supported  (stat=+0.021, p=0.9000, n=3997)
  H2 (faith declines faster, outage_duration): not supported  (stat=-0.527, p=1.0000, n=32)
  H2m (margin-faith declines faster, outage_duration): not supported  (stat=-0.535, p=1.0000, n=32)
  H3 (WAMSN ↑ with outage_duration): SUPPORTED  (stat=+0.486, p=0.0001, n=4845)
  H4 (WAMSN–DEF negative, pooled): not supported  (stat=+0.149, p=1.0000, n=3691)

cluster-robust statistics (episode-block permutation, primary):
  stale-attention shift (binary stale mask, degraded - clean twin): mean=-0.0007  CI95=[-0.0008, -0.0007]  p=1.0000  (episode blocks=192)
  paired exposed probability_def: delta=+0.0001  CI95=[+0.0001, +0.0002]  p(decrease)=1.0000  (blocks=176)
  paired exposed margin_def: delta=+0.0008  CI95=[+0.0007, +0.0009]  p(decrease)=1.0000  (blocks=176)
  paired exposed protected_probability_def: delta=+0.0002  CI95=[+0.0001, +0.0002]  p(decrease)=1.0000  (blocks=176)
  paired exposed protected_margin_def: delta=+0.0010  CI95=[+0.0009, +0.0011]  p(decrease)=1.0000  (blocks=176)
  H1_robust (def vs outage_duration): rho=+0.022  p_episode=0.7829  CI95=[-0.028, +0.074]  (blocks=240)
  H1m_robust (def_m vs outage_duration): rho=+0.021  p_episode=0.7650  CI95=[-0.030, +0.073]  (blocks=240)
  H3_robust (wamsn vs outage_duration): rho=+0.486  p_episode=0.0001  CI95=[+0.453, +0.517]  (blocks=240)
  H4_within_episode: mean within-episode rho=+0.283  (35% episodes negative)  p=1.0000  (episodes=176)
  H4m_within_episode: mean within-episode rho=+0.292  (34% episodes negative)  p=1.0000  (episodes=176)

confirmatory family (robust p where available) with Holm correction:
  H1: raw p=0.7829 → Holm p=1.0000  not supported
  H2: raw p=1.0000 → Holm p=1.0000  not supported
  H3: raw p=0.0001 → Holm p=0.0004  SUPPORTED
  H4: raw p=1.0000 → Holm p=1.0000  not supported
  (margin-DEF variants and secondary axes are exploratory by declaration — reported unadjusted, flagged as such)

prob-DEF vs margin-DEF rank agreement: rho=+0.994 (n=3997)

action-stratified diagnostics (exploratory):
  all      n=3997   (100.0%)  mean pi=0.4595  paired DEF=+0.000134
  no_op    n=292    (7.3%)  mean pi=0.1224  paired DEF=-0.000064
  dispatch n=3705   (92.7%)  mean pi=0.4861  paired DEF=+0.000157

analysis: /Users/hongweilin/Documents/workspace/documents/Personal/DMU/Final Dissertation/dissertation-v12-full-rerun/runs/dissertation_v12_sumo120/sweeps/H5_gat_degraded/seed_43/analysis.json
$ '/Users/hongweilin/Documents/workspace/documents/Personal/DMU/Final Dissertation/dissertation-v12-full-rerun/.venv/bin/python' scripts/analyze_hypotheses.py '/Users/hongweilin/Documents/workspace/documents/Personal/DMU/Final Dissertation/dissertation-v12-full-rerun/runs/dissertation_v12_sumo120/sweeps/H5_gat_degraded/seed_44'
sweep:   /Users/hongweilin/Documents/workspace/documents/Personal/DMU/Final Dissertation/dissertation-v12-full-rerun/runs/dissertation_v12_sumo120/sweeps/H5_gat_degraded/seed_44
ckpt:    runs/dissertation_v12_sumo120/training/H5_gat_degraded/seed_44/ckpt_selected.pt  (epoch 30)
cells:   40  |  decisions with records: 4851

axis             level  deg_rate  pickups     DEF         DEF 95% CI   WAMSN   drift
------------------------------------------------------------------------------------
clean                0    0.0000    12.81  -0.000 [-0.000, -0.000]     0.000  0.0000
outage_duration      10    0.0081    12.81  -0.000 [-0.000, -0.000]     0.013  0.0000
outage_duration      20    0.0157    12.81  +0.000 [+0.000, +0.000]     0.024  0.0000
outage_duration      30    0.0229    12.81  +0.000 [+0.000, +0.000]     0.036  0.0001
outage_duration      60    0.0316    12.69  +0.000 [+0.000, +0.000]     0.056  0.0001

hypothesis tests (α = 0.05, one-sided):
  H1 (DEF ↓ with outage_duration): not supported  (stat=+0.123, p=1.0000, n=4003)
  H1m (margin-DEF ↓ with outage_duration): not supported  (stat=+0.110, p=1.0000, n=4003)
  H2 (faith declines faster, outage_duration): not supported  (stat=-1.486, p=1.0000, n=32)
  H2m (margin-faith declines faster, outage_duration): not supported  (stat=-1.338, p=1.0000, n=32)
  H3 (WAMSN ↑ with outage_duration): SUPPORTED  (stat=+0.466, p=0.0001, n=4851)
  H4 (WAMSN–DEF negative, pooled): not supported  (stat=+0.256, p=1.0000, n=3685)

cluster-robust statistics (episode-block permutation, primary):
  stale-attention shift (binary stale mask, degraded - clean twin): mean=-0.0024  CI95=[-0.0025, -0.0024]  p=1.0000  (episode blocks=192)
  paired exposed probability_def: delta=+0.0002  CI95=[+0.0001, +0.0002]  p(decrease)=1.0000  (blocks=176)
  paired exposed margin_def: delta=+0.0005  CI95=[+0.0004, +0.0006]  p(decrease)=1.0000  (blocks=176)
  paired exposed protected_probability_def: delta=+0.0004  CI95=[+0.0003, +0.0004]  p(decrease)=1.0000  (blocks=176)
  paired exposed protected_margin_def: delta=+0.0013  CI95=[+0.0012, +0.0013]  p(decrease)=1.0000  (blocks=176)
  H1_robust (def vs outage_duration): rho=+0.123  p_episode=1.0000  CI95=[+0.093, +0.154]  (blocks=240)
  H1m_robust (def_m vs outage_duration): rho=+0.110  p_episode=1.0000  CI95=[+0.080, +0.141]  (blocks=240)
  H3_robust (wamsn vs outage_duration): rho=+0.466  p_episode=0.0001  CI95=[+0.433, +0.498]  (blocks=240)
  H4_within_episode: mean within-episode rho=+0.271  (16% episodes negative)  p=1.0000  (episodes=176)
  H4m_within_episode: mean within-episode rho=+0.249  (18% episodes negative)  p=1.0000  (episodes=176)

confirmatory family (robust p where available) with Holm correction:
  H1: raw p=1.0000 → Holm p=1.0000  not supported
  H2: raw p=1.0000 → Holm p=1.0000  not supported
  H3: raw p=0.0001 → Holm p=0.0004  SUPPORTED
  H4: raw p=1.0000 → Holm p=1.0000  not supported
  (margin-DEF variants and secondary axes are exploratory by declaration — reported unadjusted, flagged as such)

prob-DEF vs margin-DEF rank agreement: rho=+0.995 (n=4003)

action-stratified diagnostics (exploratory):
  all      n=4003   (100.0%)  mean pi=0.3335  paired DEF=+0.000162
  no_op    n=1265   (31.6%)  mean pi=0.3810  paired DEF=-0.000162
  dispatch n=2738   (68.4%)  mean pi=0.3115  paired DEF=+0.000354

analysis: /Users/hongweilin/Documents/workspace/documents/Personal/DMU/Final Dissertation/dissertation-v12-full-rerun/runs/dissertation_v12_sumo120/sweeps/H5_gat_degraded/seed_44/analysis.json
$ '/Users/hongweilin/Documents/workspace/documents/Personal/DMU/Final Dissertation/dissertation-v12-full-rerun/.venv/bin/python' scripts/analyze_hypotheses.py '/Users/hongweilin/Documents/workspace/documents/Personal/DMU/Final Dissertation/dissertation-v12-full-rerun/runs/dissertation_v12_sumo120/sweeps/H5_gat_degraded/seed_45'
sweep:   /Users/hongweilin/Documents/workspace/documents/Personal/DMU/Final Dissertation/dissertation-v12-full-rerun/runs/dissertation_v12_sumo120/sweeps/H5_gat_degraded/seed_45
ckpt:    runs/dissertation_v12_sumo120/training/H5_gat_degraded/seed_45/ckpt_selected.pt  (epoch 20)
cells:   40  |  decisions with records: 4873

axis             level  deg_rate  pickups     DEF         DEF 95% CI   WAMSN   drift
------------------------------------------------------------------------------------
clean                0    0.0000    12.81  +0.000 [+0.000, +0.000]     0.000  0.0000
outage_duration      10    0.0082    12.81  +0.000 [-0.000, +0.000]     0.013  0.0000
outage_duration      20    0.0158    12.81  +0.000 [-0.000, +0.000]     0.026  0.0001
outage_duration      30    0.0230    12.81  -0.000 [-0.000, +0.000]     0.038  0.0001
outage_duration      60    0.0312    12.81  -0.000 [-0.000, -0.000]     0.060  0.0001

hypothesis tests (α = 0.05, one-sided):
  H1 (DEF ↓ with outage_duration): SUPPORTED  (stat=-0.114, p=0.0001, n=4025)
  H1m (margin-DEF ↓ with outage_duration): SUPPORTED  (stat=-0.106, p=0.0001, n=4025)
  H2 (faith declines faster, outage_duration): SUPPORTED  (stat=+7.719, p=0.0002, n=32)
  H2m (margin-faith declines faster, outage_duration): SUPPORTED  (stat=+1.570, p=0.0001, n=32)
  H3 (WAMSN ↑ with outage_duration): SUPPORTED  (stat=+0.481, p=0.0001, n=4873)
  H4 (WAMSN–DEF negative, pooled): SUPPORTED  (stat=-0.201, p=0.0001, n=3708)

cluster-robust statistics (episode-block permutation, primary):
  stale-attention shift (binary stale mask, degraded - clean twin): mean=+0.0039  CI95=[+0.0038, +0.0040]  p=0.0001  (episode blocks=192)
  paired exposed probability_def: delta=-0.0000  CI95=[-0.0000, -0.0000]  p(decrease)=0.0001  (blocks=176)
  paired exposed margin_def: delta=-0.0002  CI95=[-0.0002, -0.0001]  p(decrease)=0.0001  (blocks=176)
  paired exposed protected_probability_def: delta=-0.0001  CI95=[-0.0001, -0.0001]  p(decrease)=0.0001  (blocks=176)
  paired exposed protected_margin_def: delta=-0.0003  CI95=[-0.0003, -0.0002]  p(decrease)=0.0001  (blocks=176)
  H1_robust (def vs outage_duration): rho=-0.114  p_episode=0.0001  CI95=[-0.147, -0.080]  (blocks=240)
  H1m_robust (def_m vs outage_duration): rho=-0.106  p_episode=0.0001  CI95=[-0.136, -0.075]  (blocks=240)
  H3_robust (wamsn vs outage_duration): rho=+0.481  p_episode=0.0001  CI95=[+0.451, +0.511]  (blocks=240)
  H4_within_episode: mean within-episode rho=-0.152  (72% episodes negative)  p=0.0001  (episodes=176)
  H4m_within_episode: mean within-episode rho=-0.149  (72% episodes negative)  p=0.0001  (episodes=176)

confirmatory family (robust p where available) with Holm correction:
  H1: raw p=0.0001 → Holm p=0.0004  SUPPORTED
  H2: raw p=0.0002 → Holm p=0.0004  SUPPORTED
  H3: raw p=0.0001 → Holm p=0.0004  SUPPORTED
  H4: raw p=0.0001 → Holm p=0.0004  SUPPORTED
  (margin-DEF variants and secondary axes are exploratory by declaration — reported unadjusted, flagged as such)

prob-DEF vs margin-DEF rank agreement: rho=+0.995 (n=4025)

action-stratified diagnostics (exploratory):
  all      n=4025   (100.0%)  mean pi=0.3499  paired DEF=-0.000044
  no_op    n=925    (23.0%)  mean pi=0.2932  paired DEF=+0.000016
  dispatch n=3100   (77.0%)  mean pi=0.3668  paired DEF=-0.000065

analysis: /Users/hongweilin/Documents/workspace/documents/Personal/DMU/Final Dissertation/dissertation-v12-full-rerun/runs/dissertation_v12_sumo120/sweeps/H5_gat_degraded/seed_45/analysis.json
$ '/Users/hongweilin/Documents/workspace/documents/Personal/DMU/Final Dissertation/dissertation-v12-full-rerun/.venv/bin/python' scripts/analyze_hypotheses.py '/Users/hongweilin/Documents/workspace/documents/Personal/DMU/Final Dissertation/dissertation-v12-full-rerun/runs/dissertation_v12_sumo120/sweeps/H5_gat_degraded/seed_46'
sweep:   /Users/hongweilin/Documents/workspace/documents/Personal/DMU/Final Dissertation/dissertation-v12-full-rerun/runs/dissertation_v12_sumo120/sweeps/H5_gat_degraded/seed_46
ckpt:    runs/dissertation_v12_sumo120/training/H5_gat_degraded/seed_46/ckpt_selected.pt  (epoch 31)
cells:   40  |  decisions with records: 4853

axis             level  deg_rate  pickups     DEF         DEF 95% CI   WAMSN   drift
------------------------------------------------------------------------------------
clean                0    0.0000    12.75  -0.001 [-0.001, -0.001]     0.000  0.0000
outage_duration      10    0.0082    12.75  -0.000 [-0.001, -0.000]     0.013  0.0000
outage_duration      20    0.0158    12.75  -0.000 [-0.000, -0.000]     0.025  0.0000
outage_duration      30    0.0231    12.75  -0.000 [-0.000, -0.000]     0.038  0.0000
outage_duration      60    0.0311    12.75  -0.001 [-0.001, -0.001]     0.059  0.0000

hypothesis tests (α = 0.05, one-sided):
  H1 (DEF ↓ with outage_duration): SUPPORTED  (stat=-0.037, p=0.0090, n=4005)
  H1m (margin-DEF ↓ with outage_duration): SUPPORTED  (stat=-0.036, p=0.0124, n=4005)
  H2 (faith declines faster, outage_duration): not supported  (stat=-0.422, p=1.0000, n=32)
  H2m (margin-faith declines faster, outage_duration): not supported  (stat=-0.434, p=1.0000, n=32)
  H3 (WAMSN ↑ with outage_duration): SUPPORTED  (stat=+0.481, p=0.0001, n=4853)
  H4 (WAMSN–DEF negative, pooled): SUPPORTED  (stat=-0.054, p=0.0004, n=3690)

cluster-robust statistics (episode-block permutation, primary):
  stale-attention shift (binary stale mask, degraded - clean twin): mean=+0.0021  CI95=[+0.0020, +0.0021]  p=0.0001  (episode blocks=192)
  paired exposed probability_def: delta=+0.0000  CI95=[-0.0000, +0.0000]  p(decrease)=0.8933  (blocks=176)
  paired exposed margin_def: delta=+0.0000  CI95=[-0.0000, +0.0000]  p(decrease)=0.8247  (blocks=176)
  paired exposed protected_probability_def: delta=+0.0000  CI95=[-0.0000, +0.0000]  p(decrease)=0.9544  (blocks=176)
  paired exposed protected_margin_def: delta=+0.0000  CI95=[-0.0000, +0.0001]  p(decrease)=0.9278  (blocks=176)
  H1_robust (def vs outage_duration): rho=-0.037  p_episode=0.0165  CI95=[-0.067, -0.006]  (blocks=240)
  H1m_robust (def_m vs outage_duration): rho=-0.036  p_episode=0.0145  CI95=[-0.068, -0.003]  (blocks=240)
  H3_robust (wamsn vs outage_duration): rho=+0.481  p_episode=0.0001  CI95=[+0.449, +0.513]  (blocks=240)
  H4_within_episode: mean within-episode rho=-0.012  (51% episodes negative)  p=0.2853  (episodes=176)
  H4m_within_episode: mean within-episode rho=-0.011  (49% episodes negative)  p=0.3211  (episodes=176)

confirmatory family (robust p where available) with Holm correction:
  H1: raw p=0.0165 → Holm p=0.0495  SUPPORTED
  H2: raw p=1.0000 → Holm p=1.0000  not supported
  H3: raw p=0.0001 → Holm p=0.0004  SUPPORTED
  H4: raw p=0.2853 → Holm p=0.5705  not supported
  (margin-DEF variants and secondary axes are exploratory by declaration — reported unadjusted, flagged as such)

prob-DEF vs margin-DEF rank agreement: rho=+0.998 (n=4005)

action-stratified diagnostics (exploratory):
  all      n=4005   (100.0%)  mean pi=0.3580  paired DEF=+0.000004
  no_op    n=827    (20.6%)  mean pi=0.2743  paired DEF=-0.000007
  dispatch n=3178   (79.4%)  mean pi=0.3798  paired DEF=+0.000007

analysis: /Users/hongweilin/Documents/workspace/documents/Personal/DMU/Final Dissertation/dissertation-v12-full-rerun/runs/dissertation_v12_sumo120/sweeps/H5_gat_degraded/seed_46/analysis.json
